../Core/Src/Main_App.c:42:6:onInterrupt	8	static
../Core/Src/Main_App.c:72:6:sendFrame	40	static
../Core/Src/Main_App.c:101:6:sendFrame_Default	24	static
../Core/Src/Main_App.c:125:6:printControls	8	static
../Core/Src/Main_App.c:144:6:decode	112	dynamic
../Core/Src/Main_App.c:245:6:sendPing	8	static
../Core/Src/Main_App.c:263:6:requestPacketInfo	8	static
../Core/Src/Main_App.c:283:9:setLoRa	72	static
../Core/Src/Main_App.c:318:6:LoraApp_init	16	static
../Core/Src/Main_App.c:350:6:LoraApp_loopSerial	8	static
../Core/Src/Main_App.c:393:6:LoraApp_loopReceive	16	static
