../Core/Src/Main_App.c:36:6:onInterrupt	4	static
../Core/Src/Main_App.c:56:6:sendFrame	40	static
../Core/Src/Main_App.c:85:6:sendFrame_Default	24	static
../Core/Src/Main_App.c:109:6:printControls	8	static
../Core/Src/Main_App.c:128:6:decode	112	dynamic
../Core/Src/Main_App.c:229:6:sendPing	8	static
../Core/Src/Main_App.c:248:6:requestPacketInfo	8	static
../Core/Src/Main_App.c:268:9:setLoRa	72	static
../Core/Src/Main_App.c:303:6:LoraApp_init	16	static
../Core/Src/Main_App.c:335:6:LoraApp_loopSerial	8	static
../Core/Src/Main_App.c:376:6:LoraApp_loopReceive	16	static
